// Jest Snapshot v1, https://goo.gl/fbAQLP

exports[`Picker should render month picker 1`] = `
<div>
  <table
    class="ui small center aligned table table-month"
  >
    <tbody
      class=""
    >
      <tr
        class=""
      >
        <td
          class="compact highlight "
          data-name="Jan"
        >
          Jan
        </td>
        <td
          class="compact highlight "
          data-name="Feb"
        >
          Feb
        </td>
        <td
          class="compact highlight "
          data-name="Mar"
        >
          Mar
        </td>
      </tr>
      <tr
        class=""
      >
        <td
          class="compact highlight selected"
          data-name="Apr"
        >
          Apr
        </td>
        <td
          class="compact highlight "
          data-name="May"
        >
          May
        </td>
        <td
          class="compact highlight "
          data-name="Jun"
        >
          Jun
        </td>
      </tr>
      <tr
        class=""
      >
        <td
          class="compact highlight "
          data-name="Jul"
        >
          Jul
        </td>
        <td
          class="compact highlight "
          data-name="Aug"
        >
          Aug
        </td>
        <td
          class="compact highlight "
          data-name="Sep"
        >
          Sep
        </td>
      </tr>
      <tr
        class=""
      >
        <td
          class="compact highlight "
          data-name="Oct"
        >
          Oct
        </td>
        <td
          class="compact highlight "
          data-name="Nov"
        >
          Nov
        </td>
        <td
          class="compact highlight "
          data-name="Dec"
        >
          Dec
        </td>
      </tr>
    </tbody>
  </table>
</div>
`;

exports[`Picker should render year picker 1`] = `
<div>
  <table
    class="ui small center aligned table table-month"
  >
    <tbody
      class=""
    >
      <tr
        class=""
      >
        <td
          class="compact highlight "
          data-name="2012"
        >
          2012
        </td>
        <td
          class="compact highlight "
          data-name="2013"
        >
          2013
        </td>
        <td
          class="compact highlight "
          data-name="2014"
        >
          2014
        </td>
      </tr>
      <tr
        class=""
      >
        <td
          class="compact highlight "
          data-name="2015"
        >
          2015
        </td>
        <td
          class="compact highlight "
          data-name="2016"
        >
          2016
        </td>
        <td
          class="compact highlight "
          data-name="2017"
        >
          2017
        </td>
      </tr>
      <tr
        class=""
      >
        <td
          class="compact highlight "
          data-name="2018"
        >
          2018
        </td>
        <td
          class="compact highlight selected"
          data-name="2019"
        >
          2019
        </td>
        <td
          class="compact highlight "
          data-name="2020"
        >
          2020
        </td>
      </tr>
      <tr
        class=""
      >
        <td
          class="compact highlight "
          data-name="2021"
        >
          2021
        </td>
        <td
          class="compact highlight "
          data-name="2022"
        >
          2022
        </td>
        <td
          class="compact highlight "
          data-name="2023"
        >
          2023
        </td>
      </tr>
    </tbody>
  </table>
</div>
`;
