// Jest Snapshot v1, https://goo.gl/fbAQLP

exports[`Month should render a invalid table if data is invalid 1`] = `
<div>
  <span>
     Invalid Date 
  </span>
</div>
`;

exports[`Month should render a month table if valid date 1`] = `
<div>
  <table
    class="ui small collapsing center aligned table table-month"
  >
    <thead
      class=""
    >
      <tr
        class=""
      >
        <th
          class=""
          style="padding: 0px;"
        >
          Su
        </th>
        <th
          class=""
          style="padding: 0px;"
        >
          Mo
        </th>
        <th
          class=""
          style="padding: 0px;"
        >
          Tu
        </th>
        <th
          class=""
          style="padding: 0px;"
        >
          We
        </th>
        <th
          class=""
          style="padding: 0px;"
        >
          Th
        </th>
        <th
          class=""
          style="padding: 0px;"
        >
          Fr
        </th>
        <th
          class=""
          style="padding: 0px;"
        >
          Sa
        </th>
      </tr>
    </thead>
    <tbody
      class=""
    >
      <tr
        class=""
      >
        <td
          class="compact"
        >
          
        </td>
        <td
          class="compact"
        >
          
        </td>
        <td
          class="compact"
        >
          
        </td>
        <td
          class="compact"
        >
          
        </td>
        <td
          class="compact"
        >
          
        </td>
        <td
          class="compact highlight"
          data-name="1"
        >
          1
        </td>
        <td
          class="compact highlight"
          data-name="2"
        >
          2
        </td>
      </tr>
      <tr
        class=""
      >
        <td
          class="compact highlight"
          data-name="3"
        >
          3
        </td>
        <td
          class="compact highlight"
          data-name="4"
        >
          4
        </td>
        <td
          class="compact highlight"
          data-name="5"
        >
          5
        </td>
        <td
          class="compact highlight"
          data-name="6"
        >
          6
        </td>
        <td
          class="compact highlight"
          data-name="7"
        >
          7
        </td>
        <td
          class="compact highlight"
          data-name="8"
        >
          8
        </td>
        <td
          class="compact highlight"
          data-name="9"
        >
          9
        </td>
      </tr>
      <tr
        class=""
      >
        <td
          class="compact highlight"
          data-name="10"
        >
          10
        </td>
        <td
          class="compact highlight"
          data-name="11"
        >
          11
        </td>
        <td
          class="compact highlight"
          data-name="12"
        >
          12
        </td>
        <td
          class="compact highlight"
          data-name="13"
        >
          13
        </td>
        <td
          class="compact highlight"
          data-name="14"
        >
          14
        </td>
        <td
          class="compact highlight"
          data-name="15"
        >
          15
        </td>
        <td
          class="compact highlight"
          data-name="16"
        >
          16
        </td>
      </tr>
      <tr
        class=""
      >
        <td
          class="compact highlight"
          data-name="17"
        >
          17
        </td>
        <td
          class="compact highlight"
          data-name="18"
        >
          18
        </td>
        <td
          class="compact highlight"
          data-name="19"
        >
          19
        </td>
        <td
          class="compact highlight"
          data-name="20"
        >
          20
        </td>
        <td
          class="compact highlight"
          data-name="21"
        >
          21
        </td>
        <td
          class="compact highlight"
          data-name="22"
        >
          22
        </td>
        <td
          class="compact highlight"
          data-name="23"
        >
          23
        </td>
      </tr>
      <tr
        class=""
      >
        <td
          class="compact highlight"
          data-name="24"
        >
          24
        </td>
        <td
          class="compact highlight"
          data-name="25"
        >
          25
        </td>
        <td
          class="compact highlight"
          data-name="26"
        >
          26
        </td>
        <td
          class="compact highlight"
          data-name="27"
        >
          27
        </td>
        <td
          class="compact highlight"
          data-name="28"
        >
          28
        </td>
        <td
          class="compact"
        >
          
        </td>
        <td
          class="compact"
        >
          
        </td>
      </tr>
    </tbody>
  </table>
</div>
`;
