// Jest Snapshot v1, https://goo.gl/fbAQLP

exports[`Form should render the form 1`] = `
<div>
  <form
    class="ui loading form"
  >
    <div
      class="ui error message"
    >
      <div
        class="content"
      >
        <div
          class="header"
        >
          Please check the form for the following
        </div>
        <ul
          class="list"
        />
      </div>
    </div>
    <div
      class="required field"
    >
      <label>
        Date
      </label>
      <div
        class="ui fluid left icon input"
      >
        <input
          type="text"
          value=""
        />
        <i
          aria-hidden="true"
          class="calendar icon"
        />
      </div>
    </div>
    <div
      class="required field"
    >
      <label>
        Name
      </label>
      <div
        class="ui input"
        data-testid="input"
        field_name="Name"
        validators="[object Object]"
      >
        <input
          name="name"
          required=""
          type="text"
          value=""
        />
      </div>
    </div>
    <div
      class="required field"
    >
      <label>
        TextArea
      </label>
      <textarea
        fieldname="TextArea"
        name="textarea"
        required=""
        rows="3"
        validators="[object Object]"
      />
    </div>
    <div
      class="required field"
    >
      <label>
        Dropdown
      </label>
      <div
        aria-busy="false"
        aria-disabled="false"
        aria-expanded="false"
        class="ui search selection dropdown"
        data-testid="dropdown-search"
        fieldname="Dropdown"
        name="dropdown"
        required=""
        role="combobox"
        validators="[object Object]"
      >
        <input
          aria-autocomplete="list"
          autocomplete="off"
          class="search"
          tabindex="0"
          type="text"
          value=""
        />
        <i
          aria-hidden="true"
          class="dropdown icon"
        />
        <div
          class="menu transition"
          role="listbox"
        >
          <div
            class="message"
          >
            No results found.
          </div>
        </div>
      </div>
    </div>
    <div
      class="required field"
    >
      <label>
        Dropdown Multiple
      </label>
      <div
        aria-expanded="false"
        aria-multiselectable="true"
        class="ui multiple selection dropdown"
        data-testid="dropdown"
        fieldname="Dropdown Multiple"
        name="dropdownMul"
        required=""
        role="listbox"
        tabindex="0"
        validators="[object Object]"
      >
        <i
          aria-hidden="true"
          class="dropdown icon"
        />
        <div
          class="menu transition"
        />
      </div>
    </div>
    <div
      class="required field"
    >
      <label>
        Checkbox
      </label>
    </div>
    <div
      class="field"
    >
      <div
        class="ui checkbox"
        fieldname="Checkbox"
        validators="[object Object]"
      >
        <input
          class="hidden"
          name="checkbox"
          readonly=""
          tabindex="0"
          type="checkbox"
          value="1"
        />
        <label>
          Checkbox1
        </label>
      </div>
    </div>
    <div
      class="field"
    >
      <div
        class="ui checkbox"
        fieldname="Checkbox"
        validators="[object Object]"
      >
        <input
          class="hidden"
          name="checkbox"
          readonly=""
          tabindex="0"
          type="checkbox"
          value="2"
        />
        <label>
          Checkbox2
        </label>
      </div>
    </div>
    <div
      class="field"
    >
      <label>
        Radio
      </label>
    </div>
    <div
      class="field"
    >
      <div
        class="ui radio checkbox"
        fieldname="Radio"
      >
        <input
          class="hidden"
          name="radio"
          readonly=""
          tabindex="0"
          type="radio"
          value="1"
        />
        <label>
          Radio1
        </label>
      </div>
    </div>
    <div
      class="field"
    >
      <div
        class="ui radio checkbox"
        fieldname="Radio"
      >
        <input
          class="hidden"
          name="radio"
          readonly=""
          tabindex="0"
          type="radio"
          value="2"
        />
        <label>
          Radio2
        </label>
      </div>
    </div>
    <div
      class="field"
    >
      <div
        class="ui radio checkbox"
        fieldname="Radio"
      >
        <input
          class="hidden"
          name="radio"
          readonly=""
          tabindex="0"
          type="radio"
          value="3"
        />
        <label>
          Radio3
        </label>
      </div>
    </div>
  </form>
</div>
`;
